<?xml version="1.0" encoding="utf-8"?><testsuites name="pytest tests"><testsuite name="pytest" errors="0" failures="2" skipped="0" tests="57" time="130.343" timestamp="2025-07-28T12:14:33.137988+03:30" hostname="INT_Behgozin"><testcase classname="Tests.test_auto_commit.TestAutoCommit" name="test_categorize_files" time="0.004" /><testcase classname="Tests.test_auto_commit.TestAutoCommit" name="test_get_git_changes" time="0.008" /><testcase classname="Tests.test_auto_commit.TestAutoCommit" name="test_group_related_files" time="0.003"><failure message="AssertionError: 'project_management' not found in defaultdict(&lt;class 'list'&gt;, {'root': [('M', 'project_management/modules/auto_commit.py'), ('??', 'new_file.py')]})">self = &lt;test_auto_commit.TestAutoCommit testMethod=test_group_related_files&gt;

    def test_group_related_files(self):
        changes = ["M project_management/modules/auto_commit.py", "?? new_file.py"]
        groups = self.auto_commit.group_related_files(changes)
&gt;       self.assertIn('project_management', groups)
E       AssertionError: 'project_management' not found in defaultdict(&lt;class 'list'&gt;, {'root': [('M', 'project_management/modules/auto_commit.py'), ('??', 'new_file.py')]})

Tests\test_auto_commit.py:47: AssertionError</failure></testcase><testcase classname="Tests.test_auto_commit.TestAutoCommit" name="test_run_git_command_failure" time="0.004" /><testcase classname="Tests.test_auto_commit.TestAutoCommit" name="test_run_git_command_success" time="0.004" /><testcase classname="Tests.test_backup_manager.TestBackupManager" name="test_create_backup_failure" time="0.008" /><testcase classname="Tests.test_backup_manager.TestBackupManager" name="test_create_backup_success" time="0.040" /><testcase classname="Tests.test_backup_manager.TestBackupManager" name="test_list_backups" time="0.015" /><testcase classname="Tests.test_backup_manager.TestBackupManager" name="test_restore_backup_nonexistent" time="0.012" /><testcase classname="Tests.test_backup_manager.TestBackupManager" name="test_restore_backup_success" time="0.013" /><testcase classname="Tests.test_cli.TestCLI" name="test_help_command" time="0.004" /><testcase classname="Tests.test_cli.TestCLI" name="test_invalid_command" time="0.002" /><testcase classname="Tests.test_cli.TestCLI" name="test_setup_command" time="0.003" /><testcase classname="Tests.test_cli.TestCLI" name="test_start_command" time="0.008" /><testcase classname="Tests.test_cli.TestCLI" name="test_status_command" time="0.008" /><testcase classname="Tests.test_cross_platform_setup.TestCrossPlatformSetup" name="test_create_desktop_shortcut_linux" time="0.025" /><testcase classname="Tests.test_cross_platform_setup.TestCrossPlatformSetup" name="test_create_desktop_shortcut_mac" time="0.015" /><testcase classname="Tests.test_cross_platform_setup.TestCrossPlatformSetup" name="test_create_virtualenv" time="0.004" /><testcase classname="Tests.test_cross_platform_setup.TestCrossPlatformSetup" name="test_install_frontend_dependencies" time="0.005" /><testcase classname="Tests.test_documentation.TestDocumentation" name="test_documentation_links" time="0.002" /><testcase classname="Tests.test_documentation.TestDocumentation" name="test_help_command" time="0.290" /><testcase classname="Tests.test_documentation.TestDocumentation" name="test_readme_and_help_files" time="0.005" /><testcase classname="Tests.test_environment_setup.TestEnvironmentSetup" name="test_git_repo_initialized" time="0.139" /><testcase classname="Tests.test_environment_setup.TestEnvironmentSetup" name="test_pip_executable_exists" time="0.003" /><testcase classname="Tests.test_environment_setup.TestEnvironmentSetup" name="test_requirements_file_exists" time="0.005" /><testcase classname="Tests.test_environment_setup.TestEnvironmentSetup" name="test_virtualenv_exists" time="0.004" /><testcase classname="Tests.test_gantt_chart.TestGanttChartData" name="test_build_gantt_data_basic" time="0.002" /><testcase classname="Tests.test_gantt_chart.TestGanttChartData" name="test_build_gantt_data_empty" time="0.005" /><testcase classname="Tests.test_gantt_chart.TestGanttChartData" name="test_build_gantt_data_invalid_dates" time="0.003" /><testcase classname="Tests.test_input_file_handling.TestInputFileHandling" name="test_all_required_files_present" time="0.016" /><testcase classname="Tests.test_input_file_handling.TestInputFileHandling" name="test_empty_input_directory" time="0.012" /><testcase classname="Tests.test_input_file_handling.TestInputFileHandling" name="test_invalid_json_files" time="0.010" /><testcase classname="Tests.test_input_file_handling.TestInputFileHandling" name="test_missing_input_files" time="0.008" /><testcase classname="Tests.test_installation_setup.TestInstallationSetup" name="test_backend_server_start" time="0.012" /><testcase classname="Tests.test_installation_setup.TestInstallationSetup" name="test_frontend_dependencies_installation" time="0.006" /><testcase classname="Tests.test_installation_setup.TestInstallationSetup" name="test_frontend_server_start" time="0.015" /><testcase classname="Tests.test_installation_setup.TestInstallationSetup" name="test_python_dependencies_installation" time="85.083" /><testcase classname="Tests.test_installation_setup.TestInstallationSetup" name="test_virtualenv_creation" time="14.812" /><testcase classname="Tests.test_performance.TestPerformance" name="test_cli_responsiveness" time="0.536"><failure message="AssertionError: 1 != 0">self = &lt;test_performance.TestPerformance testMethod=test_cli_responsiveness&gt;

    def test_cli_responsiveness(self):
        """Test responsiveness of CLI commands."""
        start_time = time.time()
        python_executable = sys.executable
        result = subprocess.run([python_executable, "project_management/cli.py", "help"], capture_output=True, text=True)
        duration = time.time() - start_time
&gt;       self.assertEqual(result.returncode, 0)
E       AssertionError: 1 != 0

Tests\test_performance.py:43: AssertionError</failure></testcase><testcase classname="Tests.test_performance.TestPerformance" name="test_large_input_file_performance" time="0.207" /><testcase classname="Tests.test_performance.TestPerformance" name="test_memory_cpu_usage_under_load" time="0.159" /><testcase classname="Tests.test_robustness.TestRobustness" name="test_concurrent_runs" time="1.789" /><testcase classname="Tests.test_robustness.TestRobustness" name="test_corrupted_input_file" time="0.017" /><testcase classname="Tests.test_robustness.TestRobustness" name="test_input_file_update" time="0.006" /><testcase classname="Tests.test_robustness.TestRobustness" name="test_resource_limits" time="25.301" /><testcase classname="Tests.test_robustness.TestRobustness" name="test_unexpected_user_input" time="0.005" /><testcase classname="Tests.test_security.TestSecurity" name="test_no_sensitive_data_logged" time="0.063" /><testcase classname="Tests.test_security.TestSecurity" name="test_sensitive_data_handling" time="0.004" /><testcase classname="Tests.test_shell_integration.TestShellIntegration" name="test_command_output_visibility" time="0.064" /><testcase classname="Tests.test_shell_integration.TestShellIntegration" name="test_shell_integration_unavailable_issue" time="0.002" /><testcase classname="Tests.test_shell_integration.TestShellIntegration" name="test_shell_on_linux" time="0.058" /><testcase classname="Tests.test_shell_integration.TestShellIntegration" name="test_shell_on_macos" time="0.002" /><testcase classname="Tests.test_shell_integration.TestShellIntegration" name="test_shell_on_windows" time="0.052" /><testcase classname="Tests.test_shell_integration.TestShellIntegration" name="test_vscode_reload_and_terminal_restart" time="0.003" /><testcase classname="Tests.test_workflow_reporting.TestWorkflowReporting" name="test_full_workflow" time="0.007" /><testcase classname="Tests.test_workflow_reporting.TestWorkflowReporting" name="test_module_interaction" time="0.004" /><testcase classname="Tests.test_workflow_reporting.TestWorkflowReporting" name="test_report_generation" time="0.006" /></testsuite></testsuites>